2021-04-16 15:26:45.581586	[DEBUG]	こちらNotificationCenterのコンストラクタ応答せよ！！
DEBUG:__main__:2021-04-16 15:26:45.581586	[DEBUG]	こちらNotificationCenterのコンストラクタ応答せよ！！
2021-04-16 15:26:58.921629	[DEBUG]	こちらNotificationCenterのコンストラクタ応答せよ！！
DEBUG:__main__:2021-04-16 15:26:58.921629	[DEBUG]	こちらNotificationCenterのコンストラクタ応答せよ！！
2021-04-16 15:27:32.258621	[DEBUG]	こちらNotificationCenterのコンストラクタ応答せよ！！
DEBUG:__main__:2021-04-16 15:27:32.258621	[DEBUG]	こちらNotificationCenterのコンストラクタ応答せよ！！
2021-04-16 15:27:58.051961	[DEBUG]	こちらNotificationCenterのコンストラクタ応答せよ！！
DEBUG:__main__:2021-04-16 15:27:58.051961	[DEBUG]	こちらNotificationCenterのコンストラクタ応答せよ！！
2021-04-16 15:28:06.525521	[DEBUG]	こちらNotificationCenterのコンストラクタ応答せよ！！
DEBUG:__main__:2021-04-16 15:28:06.525521	[DEBUG]	こちらNotificationCenterのコンストラクタ応答せよ！！
